15:02:10 **** Incremental Build of configuration Debug for project Basic_Timers ****
make -j12 all 
arm-none-eabi-gcc "../Core/Src/it.c" -mcpu=cortex-m4 -std=gnu11 -g3 -DDEBUG -DUSE_HAL_DRIVER -DSTM32F407xx -c -I../USB_HOST/App -I../USB_HOST/Target -I../Core/Inc -I../Drivers/STM32F4xx_HAL_Driver/Inc -I../Drivers/STM32F4xx_HAL_Driver/Inc/Legacy -I../Middlewares/ST/STM32_USB_Host_Library/Core/Inc -I../Middlewares/ST/STM32_USB_Host_Library/Class/CDC/Inc -I../Drivers/CMSIS/Device/ST/STM32F4xx/Include -I../Drivers/CMSIS/Include -O0 -ffunction-sections -fdata-sections -Wall -fstack-usage -MMD -MP -MF"Core/Src/it.d" -MT"Core/Src/it.o" --specs=nano.specs -mfpu=fpv4-sp-d16 -mfloat-abi=hard -mthumb -o "Core/Src/it.o"
arm-none-eabi-gcc -o "Basic_Timers.elf" @"objects.list"   -mcpu=cortex-m4 -T"D:\MCU2_HAL\workspace\Basic_Timers\STM32F407VGTX_FLASH.ld" --specs=nosys.specs -Wl,-Map="Basic_Timers.map" -Wl,--gc-sections -static --specs=nano.specs -mfpu=fpv4-sp-d16 -mfloat-abi=hard -mthumb -Wl,--start-group -lc -lm -Wl,--end-group
Finished building target: Basic_Timers.elf
 
arm-none-eabi-size   Basic_Timers.elf 
arm-none-eabi-objdump -h -S  Basic_Timers.elf  > "Basic_Timers.list"
arm-none-eabi-objcopy  -O binary  Basic_Timers.elf  "Basic_Timers.bin"
   text	   data	    bss	    dec	    hex	filename
   4056	     20	   1644	   5720	   1658	Basic_Timers.elf
Finished building: default.size.stdout
 
Finished building: Basic_Timers.bin
Finished building: Basic_Timers.list
 
 
15:02:15 **** Incremental Build of configuration Debug for project Basic_Timers ****
make -j12 all 
arm-none-eabi-size   Basic_Timers.elf 
   text	   data	    bss	    dec	    hex	filename
   4056	     20	   1644	   5720	   1658	Basic_Timers.elf
Finished building: default.size.stdout
 
